;;;
;;; Version 0.96 beta 1
;;;
BUILD.ME\MAKEFILE  -r1.2
WIN32\MAKEFILE  -r1.6
WIN32\K32SPAWN.ASM  -r1.6
WIN32\CONSOLE.ASM  -r1.24
WIN32\K32VMEM.ASM  -r1.9
WIN32\OLEAUT32.ASM  -r1.4
WIN32\K32LOAD.ASM  -r1.11
WIN32\K32LFUNS.ASM  -r1.4
WIN32\ADVAPI32.ASM  -r1.2
WIN32\USER32.ASM  -r1.15
WIN32\K32FILE.ASM  -r1.16
WIN32\K32HEAP.ASM  -r1.8
WIN32\K32MISC.ASM  -r1.13
WIN32\KERNEL32.ASM  -r1.20
WIN32\K32NLS.ASM  -r1.4
WIN32\K32MEM.ASM  -r1.1
WIN32\U32NLS.ASM  -r1.2
WIN32\W32STRUC.INC  -r1.8
WIN32\847.ASM  -r1.1
WIN32\866.ASM  -r1.1
WIN32\857.ASM  -r1.1
WIN32\852.ASM  -r1.1
WIN32\775.ASM  -r1.1
WIN32\720.ASM  -r1.1
WIN32\932.ASM  -r1.1
WIN32\1258.ASM  -r1.1
WIN32\437.ASM  -r1.1
WIN32\737.ASM  -r1.1
WIN32\850.ASM  -r1.1
WIN32\855.ASM  -r1.1
WIN32\862.ASM  -r1.1
WIN32\USER32.DEF  -r1.2
UTIL\MAKEFILE  -r1.6
UTIL\ADDFILE.ASM  -r1.3
UTIL\GENERAL.INC  -r1.2
UTIL\WDXINFO.INC  -r1.2
UTIL\DUALMODE.INC  -r1.2
UTIL\W32STRUC.INC  -r1.2
UTIL\IMPORT.ASM  -r1.5
UTIL\STUBIT.C  -r1.12
UTIL\WDXINFO.H  -r1.1
DOS32\MAKEFILE  -r1.1
DOS32\DOS32.ASM  -r1.2
RDOFF\MAKEFILE  -r1.1
RDOFF\RDOFF.ASM  -r1.5
PE\MAKEFILE  -r1.1
PE\LOADPE.ASM  -r1.6
COFF\MAKEFILE  -r1.1
COFF\STUBCF.ASM  -r1.7
KERNEL\MAKEFILE  -r1.4
KERNEL\WDOSX.ASM  -r1.32
KERNEL\LEHEADER.INC  -r1.2
KERNEL\LOADLE.ASM  -r1.8
KERNEL\WDXINFO.INC  -r1.3
LEGACY\MAKEFILE  -r1.1
LEGACY\LOADPE.ASM  -r1.1
LEGACY\IMPORTS.INC  -r1.1
LEGACY\WIN32API.INC  -r1.2
LEGACY\VARIANT.INC  -r1.1
LEGACY\WIDECHR.INC  -r1.1
LEGACY\CONHELP.INC  -r1.1
LEGACY\CONSOLE.ASI  -r1.1
LEGACY\SEH.INC  -r1.1
LEGACY\ADVAPI32.ASI  -r1.1
LEGACY\LFUNS.ASI  -r1.1
LEGACY\UTIL.INC  -r1.1
LEGACY\EXCEPT.INC  -r1.1
LEGACY\RESRC.INC  -r1.1
LEGACY\WINNLS.INC  -r1.1
LEGACY\W32STRUC.INC  -r1.1
LEGACY\TIME.INC  -r1.1
LEGACY\MEMSTAT.INC  -r1.1
LEGACY\FATTRIB.INC  -r1.1
WPACK\MAKEFILE  -r1.1
WPACK\WPACK.C  -r1.1
WPACK\WPACK.H  -r1.1
TOOLS\MAKEFILE  -r1.3
TOOLS\WADD.ASM  -r1.3
TOOLS\WDIR.ASM  -r1.2
TOOLS\WDXINFO.INC  -r1.2
TOOLS\WDMEM.ASM  -r1.1
TOOLS\DUALMODE.INC  -r1.1
TOOLS\GENERAL.INC  -r1.1
TOOLS\ADC.ASM  -r1.2
DEB\MAKEFILE  -r1.2
DEB\DEBUG.INC  -r1.2
DEB\FLAGS.INC  -r1.2
DEB\LOADER.ASM  -r1.4
DEB\HELP.INC  -r1.2
DEB\MAIN.ASM  -r1.3
DEB\SCREEN.ASM  -r1.2
DEB\SDEBUG.ASM  -r1.4
DEB\SLIB.ASM  -r1.2
DEB\IFIELD.INC  -r1.2
DEB\INBOX.INC  -r1.2
DEB\KEYS.INC  -r1.2
DEB\KEYTAB.INC  -r1.2
DEB\MEMWIN.INC  -r1.2
DEB\REGWIN.INC  -r1.2
DEB\SEGDEF.INC  -r1.2
DEB\UPDATE.INC  -r1.2
DEB\KEYBOARD.ASM  -r1.2
DEB\STACKWIN.INC  -r1.2
DEB\NFIELDS.INC  -r1.2
DEB\HELPSCR.INC  -r1.2
TOOLSRC\SH.C  -r1.2
TOOLSRC\TOH.C  -r1.1
TOOLSRC\TOINC.C  -r1.2
